// Vitest Snapshot v1, https://vitest.dev/guide/snapshot.html

exports[`public API surface > matches the known set of exported names and their runtime types 1`] = `
[
  "AppearanceSection: function",
  "Avatar: function",
  "Badge: function",
  "Breadcrumb: function",
  "Button: function",
  "Checkbox: function",
  "CustomerCard: function",
  "DEFAULT_SIZE: object",
  "DashboardTemplate: function",
  "DatePicker: function",
  "DesktopShell: function",
  "Divider: function",
  "Dock: function",
  "DocumentCard: function",
  "Drawer: function",
  "EmptyRecord: function",
  "EmptyState: function",
  "GRID_COLUMNS: number",
  "HISTORY_CAP: number",
  "IconButton: function",
  "Input: function",
  "Kbd: function",
  "LookPicker: function",
  "MIN_SIZE: object",
  "MOD: string",
  "MODIFIER: string",
  "Markdown: function",
  "Menu: function",
  "Modal: function",
  "NotificationItem: function",
  "Progress: function",
  "ProjectCard: function",
  "ProjectTile: function",
  "Radio: function",
  "RadioGroup: function",
  "RecordView: function",
  "SETTINGS_CONTENT_ID: string",
  "SHORT_ID_DISPLAY: number",
  "SHORT_ID_MIN: number",
  "ScrollArea: function",
  "SearchField: function",
  "Select: function",
  "SettingsPane: function",
  "SettingsTile: function",
  "ShortId: function",
  "Sidebar: function",
  "Skeleton: function",
  "StatusBar: function",
  "StatusItem: function",
  "Surface: function",
  "Switch: function",
  "Table: function",
  "Tabs: function",
  "Terminal: function",
  "Textarea: function",
  "ThemePicker: function",
  "Tile: function",
  "TilingWorkspace: function",
  "ToastStack: function",
  "Tooltip: function",
  "TopBar: function",
  "WORKLOG_CONTENT_ID: string",
  "Wallpaper: function",
  "WallpaperPicker: function",
  "Window: function",
  "WindowTitleBar: function",
  "WorklogTile: function",
  "WorkspaceSwitcher: function",
  "actionFlagsFor: function",
  "actionSuggestions: function",
  "applyContainerArgs: function",
  "applySuggestion: function",
  "applyTheme: function",
  "bareId: function",
  "candidatesFor: function",
  "clearHistory: function",
  "clock: object",
  "commandBridge: function",
  "commandLineSpans: function",
  "containerCommands: object",
  "containerLabel: function",
  "containerSuggestions: function",
  "customerAddress: function",
  "customerKind: object",
  "customerName: function",
  "data: object",
  "dataKinds: object",
  "dayKey: function",
  "defaultKeymap: object",
  "defaultTheme: function",
  "defaultWallpaper: function",
  "describeKeymap: function",
  "describePatch: function",
  "detailFlags: object",
  "directionFlags: object",
  "directionFromArgs: function",
  "docTypeLabels: object",
  "docTypePrefix: object",
  "documentKind: object",
  "documentTotals: function",
  "entryMinutes: function",
  "fieldsAt: function",
  "flag: function",
  "flagsFor: function",
  "formatBp: function",
  "formatDate: function",
  "formatDuration: function",
  "formatMoney: function",
  "fuzzyScore: function",
  "getTheme: function",
  "getWallpaper: function",
  "hasModifier: function",
  "helpIndex: function",
  "helpIndexRows: function",
  "helpRows: function",
  "helpText: function",
  "historyStorageKey: function",
  "idSpans: function",
  "inUnterminatedQuote: function",
  "isRunnableFence: function",
  "isRunnableFenceInfo: function",
  "isThemeId: function",
  "isWallpaperId: function",
  "itemLabels: function",
  "itemTotal: function",
  "kinds: object",
  "knownFlags: function",
  "levelFromArgs: function",
  "loadHistory: function",
  "looks: object",
  "matchCommand: function",
  "memoryStorage: function",
  "notify: function",
  "overflowFade: function",
  "padSpans: function",
  "parseArgs: function",
  "parseLevel: function",
  "parseMarkdown: function",
  "persistHistory: function",
  "portal: function",
  "previewContainerArgs: function",
  "previewFor: function",
  "printAmbiguous: function",
  "printList: function",
  "printRecord: function",
  "printRows: function",
  "printTable: function",
  "projectCommands: object",
  "projectFields: object",
  "projectKind: object",
  "projectStatusLabels: object",
  "projects: object",
  "proseSpans: function",
  "rank: function",
  "recordSuggestions: function",
  "registerDocumentExtras: function",
  "registerLook: function",
  "registerProjectDocumentExtras: function",
  "registerTheme: function",
  "registerWallpaper: function",
  "registry: object",
  "resolveId: function",
  "resolveItemRef: function",
  "resolveKey: function",
  "runBridge: function",
  "runCommand: function",
  "runKindAction: function",
  "runSet: function",
  "say: function",
  "settings: object",
  "settingsCommands: object",
  "settingsKind: object",
  "shell: object",
  "shellCommands: object",
  "shortId: function",
  "shortIdIndex: function",
  "showRecord: function",
  "sid: function",
  "sizeFlags: object",
  "spanText: function",
  "spawnSizeFromArgs: function",
  "splitInput: function",
  "splitName: function",
  "splitRefs: function",
  "storage: object",
  "themeIds: function",
  "themes: object",
  "tilingCommands: object",
  "timeOfDay: function",
  "toAsync: function",
  "toasts: object",
  "tokenize: function",
  "uniquePrefixLength: function",
  "viewFrom: function",
  "wallpaperIds: function",
  "wallpapers: object",
  "webStorage: function",
  "worklog: object",
  "worklogCommands: object",
  "worklogKind: object",
  "workspace: object",
  "workspaceCommands: object",
]
`;
